// Bun Snapshot v1, https://bun.sh/docs/test/snapshots

exports[`web search renderer collapsed results use shared engine attribution and semantic colors 1`] = `
[
  "<green>•</> <bold>Searched</> “Kimi pricing” · 2026-04-01 → 2026-04-30",
  "  └ <green>6 results</><dim> · </dim><muted>via Mistral/Brave</muted><dim> · </dim>1.2s",
  "    <syntaxNumber>1.</syntaxNumber> <link:https://www.example1.com/article><mdLink>https://www.example1.com/article</mdLink></link> <dim>·</dim> <mdLink>2026-04-21</mdLink>",
  "    <syntaxNumber>2.</syntaxNumber> <link:https://www.example2.com/article><mdLink>https://www.example2.com/article</mdLink></link> <dim>·</dim> <mdLink>2026-04-21</mdLink>",
  "    <syntaxNumber>3.</syntaxNumber> <link:https://www.example3.com/article><mdLink>https://www.example3.com/article</mdLink></link> <dim>·</dim> <mdLink>2026-04-21</mdLink>",
  "    <syntaxNumber>4.</syntaxNumber> <link:https://www.example4.com/article><mdLink>https://www.example4.com/article</mdLink></link> <dim>·</dim> <mdLink>2026-04-21</mdLink>",
  "    <syntaxNumber>5.</syntaxNumber> <link:https://www.example5.com/article><mdLink>https://www.example5.com/article</mdLink></link> <dim>·</dim> <mdLink>2026-04-21</mdLink>",
  "    <syntaxNumber>5</syntaxNumber><muted> shown · </muted><syntaxNumber>1</syntaxNumber><muted> more</muted>",
]
`;

exports[`web search renderer expanded mixed-engine results retain per-result attribution 1`] = `
[
  "<green>•</> <bold>Searched</> “mixed sources”",
  "  └ <green>2 results</><dim> · </dim><muted>via Mistral</muted><dim> · </dim><1s",
  "    <syntaxNumber>1.</syntaxNumber> <link:https://www.example1.com/article><mdLink>https://www.example1.com/article</mdLink></link> <dim>·</dim> <muted>via Brave</muted><dim> · </dim><mdLink>2026-04-21</mdLink>",
  "    <syntaxNumber>2.</syntaxNumber> <link:https://www.example2.com/article><mdLink>https://www.example2.com/article</mdLink></link> <dim>·</dim> <muted>via Bing</muted><dim> · </dim><mdLink>2026-04-21</mdLink>",
]
`;

exports[`web search renderer empty results remain distinct from failures 1`] = `
[
  "<green>•</> <bold>Searched</> “no matches”",
  "  └ <green>No results</><dim> · </dim><muted>via Mistral</muted><dim> · </dim><1s",
]
`;

exports[`web search renderer search failures show sanitized reasons 1`] = `
[
  "<red>•</> <bold>Search failed</> “pricingquery”",
  "  └ <error>Request timed out after 10s</error>",
]
`;

exports[`web search renderer open failures use the requested target and actual reason 1`] = `
[
  "<red>•</> <bold>Open failed</> <link:https://example.com/docs><mdLink>https://example.com/docs</mdLink></link>",
  "  └ <error>Timed out while opening this page. Try another source.</error>",
]
`;

exports[`web search renderer bot challenges render as blocked rather than opened 1`] = `
[
  "<red>•</> <bold>Open blocked</> <link:https://guide.example.com/restaurants><mdLink>https://guide.example.com/restaurants</mdLink></link>",
  "  └ <error>Page requires JavaScript and bot verification.</error>",
]
`;

exports[`web search renderer expanded open content strips terminal controls 1`] = `
[
  "<green>•</> <bold>Opened</> <link:https://example.com/docs><mdLink>https://example.com/docs</mdLink></link>",
  "  └ <green>1 line · 32 B</> · <1s",
  "",
  "    <dim>Readable red content</dim>",
]
`;
