// Bun Snapshot v1, https://bun.sh/docs/test/snapshots

exports[`web search renderer collapsed results use shared engine attribution and semantic colors 1`] = `
[
  "<green>•</> <bold>Searched</> <dim>“</dim><accent>Kimi pricing</accent><dim>”</dim>",
  "  └ <green>6 results</><dim> · </dim><muted>2026-04-01 → 2026-04-30</muted><dim> · </dim><muted>via Mistral/Brave</muted><dim> · </dim><muted>1s</muted>",
  "    <muted>1.</muted> <text>Result 1</text> <dim>·</dim> <muted>2026-04-21</muted>",
  "       <link:https://www.example1.com/article><mdLink>https://www.example1.com/article</mdLink></link>",
  "    <muted>2.</muted> <text>Result 2</text> <dim>·</dim> <muted>2026-04-21</muted>",
  "       <link:https://www.example2.com/article><mdLink>https://www.example2.com/article</mdLink></link>",
  "    <muted>3.</muted> <text>Result 3</text> <dim>·</dim> <muted>2026-04-21</muted>",
  "       <link:https://www.example3.com/article><mdLink>https://www.example3.com/article</mdLink></link>",
  "    <muted>4.</muted> <text>Result 4</text> <dim>·</dim> <muted>2026-04-21</muted>",
  "       <link:https://www.example4.com/article><mdLink>https://www.example4.com/article</mdLink></link>",
  "    <muted>5.</muted> <text>Result 5</text> <dim>·</dim> <muted>2026-04-21</muted>",
  "       <link:https://www.example5.com/article><mdLink>https://www.example5.com/article</mdLink></link>",
  "    <muted>… 1 more · Ctrl+O to expand</muted>",
]
`;

exports[`web search renderer expanded mixed-engine results retain per-result attribution 1`] = `
[
  "<green>•</> <bold>Searched</> <dim>“</dim><accent>mixed sources</accent><dim>”</dim>",
  "  └ <green>2 results</><dim> · </dim><muted>via Mistral</muted><dim> · </dim><muted>500ms</muted>",
  "    <muted>1.</muted> <text>Result 1</text>",
  "       <link:https://www.example1.com/article><mdLink>https://www.example1.com/article</mdLink></link>",
  "       <dim>via Brave<dim> · </dim>2026-04-21</dim>",
  "       <dim>↳ </dim><dim>Evidence 1</dim>",
  "    <muted>2.</muted> <text>Result 2</text>",
  "       <link:https://www.example2.com/article><mdLink>https://www.example2.com/article</mdLink></link>",
  "       <dim>via Bing<dim> · </dim>2026-04-21</dim>",
  "       <dim>↳ </dim><dim>Evidence 2</dim>",
]
`;

exports[`web search renderer empty results remain distinct from failures 1`] = `
[
  "<green>•</> <bold>Searched</> <dim>“</dim><accent>no matches</accent><dim>”</dim>",
  "  └ <green>No results</><dim> · </dim><muted>via Mistral</muted><dim> · </dim><muted>250ms</muted>",
]
`;

exports[`web search renderer search failures show sanitized reasons 1`] = `
[
  "<red>•</> <bold>Search failed</> <dim>“</dim><accent>pricingquery</accent><dim>”</dim>",
  "  └ <error>Request timed out after 10s</error>",
]
`;

exports[`web search renderer open failures use the requested target and actual reason 1`] = `
[
  "<red>•</> <bold>Open failed</> <link:https://example.com/docs><mdLink>https://example.com/docs</mdLink></link>",
  "  └ <error>Timed out while opening this page. Try another source.</error>",
]
`;

exports[`web search renderer bot challenges render as blocked rather than opened 1`] = `
[
  "<red>•</> <bold>Open blocked</> <link:https://guide.example.com/restaurants><mdLink>https://guide.example.com/restaurants</mdLink></link>",
  "  └ <error>Page requires JavaScript and bot verification.</error>",
]
`;

exports[`web search renderer expanded open content strips terminal controls 1`] = `
[
  "<green>•</> <bold>Opened</> <link:https://example.com/docs><mdLink>https://example.com/docs</mdLink></link>",
  "  └ <green>1 line · 32 B</> · 250ms",
  "",
  "    <dim>Readable red content</dim>",
]
`;
